.\mvnw.cmd : WARNING: A restricted method 
in java.lang.System has been called
At line:1 char:1
+ .\mvnw.cmd compile > build.log 2>&1
+ ~~~~~~~~~~~~~~~~~~~~~~~~~~~~~~~~~~~
    + CategoryInfo          : NotSpecified 
   : (WARNING: A rest...has been called:S  
  tring) [], RemoteException
    + FullyQualifiedErrorId : NativeComman 
   dError
 
WARNING: java.lang.System::load has been 
called by 
org.fusesource.jansi.internal.JansiLoader 
in an unnamed module (file:/C:/Users/dugge/
.m2/wrapper/dists/apache-maven-3.8.5-bin/5i
5jha092a3i37g0paqnfr15e0/apache-maven-3.8.5
/lib/jansi-2.4.0.jar)
WARNING: Use 
--enable-native-access=ALL-UNNAMED to 
avoid a warning for callers in this module
WARNING: Restricted methods will be 
blocked in a future release unless native 
access is enabled

WARNING: A terminally deprecated method in 
sun.misc.Unsafe has been called
WARNING: 
sun.misc.Unsafe::objectFieldOffset has 
been called by com.google.common.util.concu
rrent.AbstractFuture$UnsafeAtomicHelper (fi
le:/C:/Users/dugge/.m2/wrapper/dists/apache
-maven-3.8.5-bin/5i5jha092a3i37g0paqnfr15e0
/apache-maven-3.8.5/lib/guava-25.1-android.
jar)
WARNING: Please consider reporting this to 
the maintainers of class com.google.common.
util.concurrent.AbstractFuture$UnsafeAtomic
Helper
WARNING: 
sun.misc.Unsafe::objectFieldOffset will be 
removed in a future release
[INFO] Scanning for projects...
[INFO] 
[INFO] -----------------< accomodation:student_accomodation >------------------
[INFO] Building student_accomodation 1.0-SNAPSHOT
[INFO] --------------------------------[ jar ]---------------------------------
[WARNING] The artifact mysql:mysql-connector-java:jar:8.0.33 has been relocated to com.mysql:mysql-connector-j:jar:8.0.33: MySQL Connector/J artifacts moved to reverse-DNS compliant Maven 2+ coordinates.
[INFO] 
[INFO] --- maven-resources-plugin:2.6:resources (default-resources) @ student_accomodation ---
[INFO] Using 'UTF-8' encoding to copy filtered resources.
[INFO] Copying 17 resources
[INFO] 
[INFO] --- maven-compiler-plugin:3.13.0:compile (default-compile) @ student_accomodation ---
[INFO] Recompiling the module because of changed source code.
[INFO] Compiling 38 source files with javac [debug release 25] to target\classes
[INFO] -------------------------------------------------------------
[ERROR] COMPILATION ERROR : 
[INFO] -------------------------------------------------------------
[ERROR] /D:/chrome programs p2p/accommodation-system/src/main/java/com/pandalodge/controller/DetailController.java:[242,13] cannot find symbol
  symbol:   variable furnishedLabel
  location: class com.pandalodge.controller.DetailController
[ERROR] /D:/chrome programs p2p/accommodation-system/src/main/java/com/pandalodge/controller/DetailController.java:[243,13] cannot find symbol
  symbol:   variable furnishedLabel
  location: class com.pandalodge.controller.DetailController
[INFO] 2 errors 
[INFO] -------------------------------------------------------------
[INFO] ------------------------------------------------------------------------
[INFO] BUILD FAILURE
[INFO] ------------------------------------------------------------------------
[INFO] Total time:  3.401 s
[INFO] Finished at: 2026-01-10T16:12:03+01:00
[INFO] ------------------------------------------------------------------------
[ERROR] Failed to execute goal org.apache.maven.plugins:maven-compiler-plugin:3.13.0:compile (default-compile) on project student_accomodation: Compilation failure: Compilation failure: 
[ERROR] /D:/chrome programs p2p/accommodation-system/src/main/java/com/pandalodge/controller/DetailController.java:[242,13] cannot find symbol
[ERROR]   symbol:   variable furnishedLabel
[ERROR]   location: class com.pandalodge.controller.DetailController
[ERROR] /D:/chrome programs p2p/accommodation-system/src/main/java/com/pandalodge/controller/DetailController.java:[243,13] cannot find symbol
[ERROR]   symbol:   variable furnishedLabel
[ERROR]   location: class com.pandalodge.controller.DetailController
[ERROR] -> [Help 1]
[ERROR] 
[ERROR] To see the full stack trace of the errors, re-run Maven with the -e switch.
[ERROR] Re-run Maven using the -X switch to enable full debug logging.
[ERROR] 
[ERROR] For more information about the errors and possible solutions, please read the following articles:
[ERROR] [Help 1] http://cwiki.apache.org/confluence/display/MAVEN/MojoFailureException
